Microchip MPLAB XC8 Compiler V1.35 ()

Linker command line:

--edf=C:\Program Files (x86)\Microchip\xc8\v1.35\dat\en_msgs.txt -cs \
  -h+dist/default/debug\LFO_1.X.debug.sym \
  --cmf=dist/default/debug\LFO_1.X.debug.cmf -z -Q16F684 \
  -oC:\Users\ryan\AppData\Local\Temp\s4ig.2 \
  -Mdist/default/debug/LFO_1.X.debug.map -E1 -ver=XC8 -ASTACK=02Fh-064h \
  -pstack=STACK -ACODE=00h-06FFh -ASTRCODE=00h-06FFh -ASTRING=00h-0FFhx7 \
  -ACONST=00h-0FFhx7 -AENTRY=00h-0FFhx7 -ACOMMON=071h-07Fh \
  -ABANK0=020h-064h -ABANK1=0A0h-0BFh -ARAM=020h-064h,0A0h-0BFh \
  -AABS1=020h-07Fh,0A0h-0BFh -ASFR0=00h-01Fh -ASFR1=080h-09Fh \
  -preset_vec=00h,intentry=04h,init,end_init -ppowerup=CODE -pcinit=CODE \
  -pfunctab=CODE -ACONFIG=02007h-02007h -pconfig=CONFIG -DCONFIG=2 \
  -AIDLOC=02000h-02003h -pidloc=IDLOC -DIDLOC=2 -AEEDATA=00h-0FFh/02100h \
  -peeprom_data=EEDATA -DEEDATA=2 -DCODE=2 -DSTRCODE=2 -DSTRING=2 -DCONST=2 \
  -DENTRY=2 -k C:\Users\ryan\AppData\Local\Temp\s4ig.obj \
  dist/default/debug\LFO_1.X.debug.obj 

Object code version is 3.11

Machine type is 16F684



                Name                               Link     Load   Length Selector   Space Scale
C:\Users\ryan\AppData\Local\Temp\s4ig.obj
                end_init                              F        F        1        8       0
                reset_vec                             0        0        2        0       0
                config                             2007     2007        1     400E       0
dist/default/debug\LFO_1.X.debug.obj
                cinit                                10       10        E        8       0
                intentry                              4        4        B        8       0
                text6                               312      312       7B      624       0
                text5                               43F      43F        C      624       0
                text4                               424      424        F      624       0
                text3                               40C      40C       18      624       0
                text2                               433      433        C      624       0
                text1                               38D      38D       5A      624       0
                maintext                            3E7      3E7       25      624       0
                cstackBANK0                          20       20        B       20       1
                cstackCOMMON                         77       77        6       71       1
                dataBANK0                            2D       2D        2       20       1
                bssBANK0                             2B       2B        2       20       1
                bssCOMMON                            71       71        6       71       1
                stringtext                          100      100      212        2       0
                idataBANK0                          44B      44B        2      624       0

TOTAL           Name                               Link     Load   Length     Space
        CLASS   STACK          

        CLASS   CODE           
                end_init                              F        F        1         0
                cinit                                10       10        E         0
                intentry                              4        4        B         0
                reset_vec                             0        0        2         0
                text6                               312      312       7B         0
                text5                               43F      43F        C         0
                text4                               424      424        F         0
                text3                               40C      40C       18         0
                text2                               433      433        C         0
                text1                               38D      38D       5A         0
                maintext                            3E7      3E7       25         0
                idataBANK0                          44B      44B        2         0

        CLASS   STRCODE        
                stringtext                          100      100      212         0

        CLASS   STRING         

        CLASS   CONST          

        CLASS   ENTRY          

        CLASS   COMMON         
                cstackCOMMON                         77       77        6         1
                bssCOMMON                            71       71        6         1

        CLASS   BANK0          
                cstackBANK0                          20       20        B         1
                dataBANK0                            2D       2D        2         1
                bssBANK0                             2B       2B        2         1

        CLASS   BANK1          

        CLASS   RAM            

        CLASS   ABS1           
                abs_s1                               7E       7E        2         1

        CLASS   SFR0           

        CLASS   SFR1           

        CLASS   CONFIG         
                config                             2007     2007        1         0

        CLASS   IDLOC          

        CLASS   EEDATA         



SEGMENTS        Name                           Load    Length   Top    Selector   Space  Class     Delta

                reset_vec                      000000  000002  000002         0       0  CODE        2
                intentry                       000004  00001A  00001E         8       0  CODE        2
                cstackBANK0                    000020  00000F  00002F        20       1  BANK0       1
                bssCOMMON                      000071  00000C  00007D        71       1  COMMON      1
                stringtext                     000100  000212  000312         2       0  STRCODE     2
                text6                          000312  00013B  00044D       624       0  CODE        2
                config                         002007  000001  002008      400E       0  CONFIG      2


UNUSED ADDRESS RANGES

        Name                Unused          Largest block    Delta
        BANK0            002F-0064             36           1
        BANK1            00A0-00BF             20           1
        CODE             0002-0003              2           2
                         001E-00FF             E2
                         044D-06FF            2B3
        COMMON           007D-007D              1           1
        CONST            0002-0003              2           2
                         001E-00FF             E2
                         044D-06FF            100
        EEDATA           2100-21FF            100           2
        ENTRY            0002-0003              2           2
                         001E-00FF             E2
                         044D-06FF            100
        IDLOC            2000-2003              4           2
        RAM              002F-0064             36           1
                         00A0-00BF             20
        SFR0             0000-001F             20           1
        SFR1             0080-009F             20           1
        STACK            002F-0064             36           1
        STRCODE          0002-0003              2           2
                         001E-00FF             E2
                         044D-06FF            2B3
        STRING           0002-0003              2           2
                         001E-00FF             E2
                         044D-06FF            100

                                  Symbol Table

?_ADC_Convert            cstackBANK0  0020
?___awdiv                cstackBANK0  0020
_ADCON0bits              (abs)        001F
_ADCON1bits              (abs)        009F
_ADC_Convert             text5        043F
_ADC_Init                text4        0424
_ADRESH                  (abs)        001E
_ANSEL                   (abs)        0091
_CCP1CONbits             (abs)        0015
_CCPR1L                  (abs)        0013
_GO_nDONE                (abs)        00F9
_INTCONbits              (abs)        000B
_ISR                     text6        0312
_PIE1bits                (abs)        008C
_PIR1bits                (abs)        000C
_PORTCbits               (abs)        0007
_PR2                     (abs)        0092
_PWM_Init                text3        040C
_T1CONbits               (abs)        0010
_T2CONbits               (abs)        0012
_TRISAbits               (abs)        0085
_TRISCbits               (abs)        0087
_Timer1_init             text2        0433
__CFG_BOREN$OFF          (abs)        0000
__CFG_CP$OFF             (abs)        0000
__CFG_CPD$OFF            (abs)        0000
__CFG_FCMEN$OFF          (abs)        0000
__CFG_FOSC$HS            (abs)        0000
__CFG_IESO$OFF           (abs)        0000
__CFG_MCLRE$OFF          (abs)        0000
__CFG_PWRTE$OFF          (abs)        0000
__CFG_WDTE$OFF           (abs)        0000
__Habs1                  abs1         0000
__Hbank0                 bank0        0000
__Hbank1                 bank1        0000
__HbssBANK0              bssBANK0     0000
__HbssCOMMON             bssCOMMON    0000
__Hcinit                 cinit        001E
__Hclrtext               clrtext      0000
__Hcode                  code         0000
__Hcommon                common       0000
__Hconfig                config       2008
__HcstackBANK0           cstackBANK0  0000
__HcstackCOMMON          cstackCOMMON 0000
__HdataBANK0             dataBANK0    0000
__Heeprom_data           eeprom_data  0000
__Hend_init              end_init     0010
__Hfunctab               functab      0000
__HidataBANK0            idataBANK0   0000
__Hidloc                 idloc        0000
__Hinit                  init         000F
__Hintentry              intentry     000F
__Hmaintext              maintext     0000
__Hpowerup               powerup      0000
__Hram                   ram          0000
__Hreset_vec             reset_vec    0002
__Hsfr0                  sfr0         0000
__Hsfr1                  sfr1         0000
__Hspace_0               (abs)        2008
__Hspace_1               (abs)        007D
__Hspace_2               (abs)        0000
__Hspace_3               (abs)        0000
__Hstack                 stack        0000
__Hstrings               strings      0000
__Hstringtext            stringtext   0000
__Htext                  text         0000
__Labs1                  abs1         0000
__Lbank0                 bank0        0000
__Lbank1                 bank1        0000
__LbssBANK0              bssBANK0     0000
__LbssCOMMON             bssCOMMON    0000
__Lcinit                 cinit        0010
__Lclrtext               clrtext      0000
__Lcode                  code         0000
__Lcommon                common       0000
__Lconfig                config       2007
__LcstackBANK0           cstackBANK0  0000
__LcstackCOMMON          cstackCOMMON 0000
__LdataBANK0             dataBANK0    0000
__Leeprom_data           eeprom_data  0000
__Lend_init              end_init     000F
__Lfunctab               functab      0000
__LidataBANK0            idataBANK0   0000
__Lidloc                 idloc        0000
__Linit                  init         000F
__Lintentry              intentry     0004
__Lmaintext              maintext     0000
__Lpowerup               powerup      0000
__Lram                   ram          0000
__Lreset_vec             reset_vec    0000
__Lsfr0                  sfr0         0000
__Lsfr1                  sfr1         0000
__Lspace_0               (abs)        0000
__Lspace_1               (abs)        0000
__Lspace_2               (abs)        0000
__Lspace_3               (abs)        0000
__Lstack                 stack        0000
__Lstrings               strings      0000
__Lstringtext            stringtext   0000
__Ltext                  text         0000
__S0                     (abs)        2008
__S1                     (abs)        007D
__S2                     (abs)        0000
__S3                     (abs)        0000
___awdiv                 text1        038D
___awdiv@counter         cstackBANK0  0025
___awdiv@dividend        cstackBANK0  0022
___awdiv@divisor         cstackBANK0  0020
___awdiv@quotient        cstackBANK0  0027
___awdiv@sign            cstackBANK0  0026
___int_sp                stack        0000
___latbits               (abs)        0000
___sp                    stack        0000
__end_of_ADC_Convert     text5        044B
__end_of_ADC_Init        text4        0433
__end_of_ISR             text6        038D
__end_of_PWM_Init        text3        0424
__end_of_Timer1_init     text2        043F
__end_of___awdiv         text1        03E7
__end_of__initialization cinit        001C
__end_of__stringtab      stringtext   0112
__end_of_main            maintext     040C
__end_of_sine_LUT        stringtext   0312
__initialization         cinit        0010
__pbssBANK0              bssBANK0     002B
__pbssCOMMON             bssCOMMON    0071
__pcstackBANK0           cstackBANK0  0020
__pcstackCOMMON          cstackCOMMON 0077
__pdataBANK0             dataBANK0    002D
__pidataBANK0            idataBANK0   044B
__pintentry              intentry     0004
__pmaintext              maintext     03E7
__pstringtext            stringtext   0100
__ptext1                 text1        038D
__ptext2                 text2        0433
__ptext3                 text3        040C
__ptext4                 text4        0424
__ptext5                 text5        043F
__ptext6                 text6        0312
__size_of_ADC_Convert    (abs)        0000
__size_of_ADC_Init       (abs)        0000
__size_of_ISR            (abs)        0000
__size_of_PWM_Init       (abs)        0000
__size_of_Timer1_init    (abs)        0000
__size_of___awdiv        (abs)        0000
__size_of_main           (abs)        0000
__stringbase             stringtext   0112
__stringtab              stringtext   0100
_duty_cycle              bssCOMMON    0071
_interpolation_bits      bssBANK0     002B
_main                    maintext     03E7
_phase_accum             bssCOMMON    0073
_sine_LUT                stringtext   0112
_speed                   dataBANK0    002D
_table_index             bssCOMMON    0075
btemp                    (abs)        007E
end_of_initialization    cinit        001C
interrupt_function       intentry     0004
intlevel0                functab      0000
intlevel1                functab      0000
intlevel2                functab      0000
intlevel3                functab      0000
intlevel4                functab      0000
intlevel5                functab      0000
ltemp                    (abs)        007E
ltemp0                   (abs)        007E
ltemp1                   (abs)        0082
ltemp2                   (abs)        0086
ltemp3                   (abs)        0080
main@adc_result          cstackBANK0  0029
reset_vec                reset_vec    0000
saved_w                  (abs)        007E
stackhi                  (abs)        0000
stacklo                  (abs)        0000
start                    init         000F
start_initialization     cinit        0010
ttemp                    (abs)        007E
ttemp0                   (abs)        007E
ttemp1                   (abs)        0081
ttemp2                   (abs)        0084
ttemp3                   (abs)        0087
ttemp4                   (abs)        007F
wtemp                    (abs)        007E
wtemp0                   (abs)        007E
wtemp1                   (abs)        0080
wtemp2                   (abs)        0082
wtemp3                   (abs)        0084
wtemp4                   (abs)        0086
wtemp5                   (abs)        0088
wtemp6                   (abs)        007F


FUNCTION INFORMATION:

 *************** function _main *****************
 Defined at:
		line 91 in file "main.c"
 Parameters:    Size  Location     Type
		None
 Auto vars:     Size  Location     Type
  adc_result      2    9[BANK0 ] int 
 Return value:  Size  Location     Type
		None               void
 Registers used:
		wreg, status,2, status,0, pclath, cstack
 Tracked objects:
		On entry : 
		On exit  : 
		Unchanged: 
 Data sizes:     COMMON   BANK0   BANK1
      Params:         0       0       0
      Locals:         0       2       0
      Temps:          0       0       0
      Totals:         0       2       0
Total ram usage:        2 bytes
 Hardware stack levels required when called:    3
 This function calls:
		_ADC_Convert
		_ADC_Init
		_PWM_Init
		_Timer1_init
		___awdiv
 This function is called by:
		Startup code after reset
 This function uses a non-reentrant model


 *************** function ___awdiv *****************
 Defined at:
		line 6 in file "C:\Program Files (x86)\Microchip\xc8\v1.35\sources\common\awdiv.c"
 Parameters:    Size  Location     Type
  divisor         2    0[BANK0 ] int 
  dividend        2    2[BANK0 ] int 
 Auto vars:     Size  Location     Type
  quotient        2    7[BANK0 ] int 
  sign            1    6[BANK0 ] unsigned char 
  counter         1    5[BANK0 ] unsigned char 
 Return value:  Size  Location     Type
                  2    0[BANK0 ] int 
 Registers used:
		wreg, status,2, status,0
 Tracked objects:
		On entry : 
		On exit  : 
		Unchanged: 
 Data sizes:     COMMON   BANK0   BANK1
      Params:         0       4       0
      Locals:         0       4       0
      Temps:          0       1       0
      Totals:         0       9       0
Total ram usage:        9 bytes
 Hardware stack levels used:    1
 Hardware stack levels required when called:    2
 This function calls:
		Nothing
 This function is called by:
		_main
 This function uses a non-reentrant model


 *************** function _Timer1_init *****************
 Defined at:
		line 43 in file "main.c"
 Parameters:    Size  Location     Type
		None
 Auto vars:     Size  Location     Type
		None
 Return value:  Size  Location     Type
		None               void
 Registers used:
		wreg, status,2, status,0
 Tracked objects:
		On entry : 
		On exit  : 
		Unchanged: 
 Data sizes:     COMMON   BANK0   BANK1
      Params:         0       0       0
      Locals:         0       0       0
      Temps:          0       0       0
      Totals:         0       0       0
Total ram usage:        0 bytes
 Hardware stack levels used:    1
 Hardware stack levels required when called:    2
 This function calls:
		Nothing
 This function is called by:
		_main
 This function uses a non-reentrant model


 *************** function _PWM_Init *****************
 Defined at:
		line 66 in file "main.c"
 Parameters:    Size  Location     Type
		None
 Auto vars:     Size  Location     Type
		None
 Return value:  Size  Location     Type
		None               void
 Registers used:
		wreg, status,2, status,0
 Tracked objects:
		On entry : 
		On exit  : 
		Unchanged: 
 Data sizes:     COMMON   BANK0   BANK1
      Params:         0       0       0
      Locals:         0       0       0
      Temps:          0       0       0
      Totals:         0       0       0
Total ram usage:        0 bytes
 Hardware stack levels used:    1
 Hardware stack levels required when called:    2
 This function calls:
		Nothing
 This function is called by:
		_main
 This function uses a non-reentrant model


 *************** function _ADC_Init *****************
 Defined at:
		line 57 in file "main.c"
 Parameters:    Size  Location     Type
		None
 Auto vars:     Size  Location     Type
		None
 Return value:  Size  Location     Type
		None               void
 Registers used:
		wreg, status,2, status,0
 Tracked objects:
		On entry : 
		On exit  : 
		Unchanged: 
 Data sizes:     COMMON   BANK0   BANK1
      Params:         0       0       0
      Locals:         0       0       0
      Temps:          0       0       0
      Totals:         0       0       0
Total ram usage:        0 bytes
 Hardware stack levels used:    1
 Hardware stack levels required when called:    2
 This function calls:
		Nothing
 This function is called by:
		_main
 This function uses a non-reentrant model


 *************** function _ADC_Convert *****************
 Defined at:
		line 85 in file "main.c"
 Parameters:    Size  Location     Type
		None
 Auto vars:     Size  Location     Type
		None
 Return value:  Size  Location     Type
                  2    0[BANK0 ] int 
 Registers used:
		wreg
 Tracked objects:
		On entry : 
		On exit  : 
		Unchanged: 
 Data sizes:     COMMON   BANK0   BANK1
      Params:         0       2       0
      Locals:         0       0       0
      Temps:          0       2       0
      Totals:         0       4       0
Total ram usage:        4 bytes
 Hardware stack levels used:    1
 Hardware stack levels required when called:    2
 This function calls:
		Nothing
 This function is called by:
		_main
 This function uses a non-reentrant model


 *************** function _ISR *****************
 Defined at:
		line 112 in file "main.c"
 Parameters:    Size  Location     Type
		None
 Auto vars:     Size  Location     Type
		None
 Return value:  Size  Location     Type
		None               void
 Registers used:
		wreg, fsr0l, fsr0h, status,2, status,0, btemp+1, pclath
 Tracked objects:
		On entry : 
		On exit  : 
		Unchanged: 
 Data sizes:     COMMON   BANK0   BANK1
      Params:         0       0       0
      Locals:         0       0       0
      Temps:          6       0       0
      Totals:         6       0       0
Total ram usage:        6 bytes
 Hardware stack levels used:    2
 This function calls:
		Nothing
 This function is called by:
		Interrupt level 1
 This function uses a non-reentrant model



MODULE INFORMATION

Module		Function		Class		Link	Load	Size
C:\Program Files (x86)\Microchip\xc8\v1.35\sources\common\awdiv.c
		___awdiv       		CODE           	038D	0000	91

C:\Program Files (x86)\Microchip\xc8\v1.35\sources\common\awdiv.c estimated size: 91

shared
		__stringtab    		STRCODE        	0100	0000	19
		__initialization		CODE           	0010	0000	13
		_sine_LUT      		STRCODE        	0112	0000	513

shared estimated size: 545

main.c
		_ISR           		CODE           	0312	0000	124
		_main          		CODE           	03E7	0000	38
		_Timer1_init   		CODE           	0433	0000	13
		_ADC_Convert   		CODE           	043F	0000	13
		_PWM_Init      		CODE           	040C	0000	25
		_ADC_Init      		CODE           	0424	0000	16

main.c estimated size: 229

