Microchip MPLAB XC8 Compiler V1.44 ()

Linker command line:

--edf=/opt/microchip/xc8/v1.44/dat/en_msgs.txt -cs \
  -h+dist/default/production/LFO_1.X.production.sym \
  --cmf=dist/default/production/LFO_1.X.production.cmf -z -Q16F684 \
  -o/tmp/xcXVXmK33 -Mdist/default/production/LFO_1.X.production.map -E1 \
  -ver=XC8 -ASTACK=04Ah-06fh -pstack=STACK -ACODE=00h-07FFh \
  -ASTRCODE=00h-07FFh -ASTRING=00h-0FFhx8 -ACONST=00h-0FFhx8 \
  -AENTRY=00h-0FFhx8 -ACOMMON=070h-07Fh -ABANK0=020h-06Fh -ABANK1=0A0h-0BFh \
  -ARAM=020h-06Fh,0A0h-0BFh -AABS1=020h-07Fh,0A0h-0BFh -ASFR0=00h-01Fh \
  -ASFR1=080h-09Fh -preset_vec=00h,intentry=04h,init,end_init \
  -ppowerup=CODE -pcinit=CODE -pfunctab=ENTRY -ACONFIG=02007h-02007h \
  -pconfig=CONFIG -DCONFIG=2 -AIDLOC=02000h-02003h -pidloc=IDLOC -DIDLOC=2 \
  -AEEDATA=00h-0FFh/02100h -peeprom_data=EEDATA -DEEDATA=2 -DCODE=2 \
  -DSTRCODE=2 -DSTRING=2 -DCONST=2 -DENTRY=2 -k /tmp/xcXp0gRWk.obj \
  dist/default/production/LFO_1.X.production.obj 

Object code version is 3.11

Machine type is 16F684



                Name                               Link     Load   Length Selector   Space Scale
/tmp/xcXp0gRWk.obj
                end_init                              F        F        1        8       0
                reset_vec                             0        0        1        0       0
                config                             2007     2007        1     400E       0
dist/default/production/LFO_1.X.production.obj
                cinit                                10       10        F        8       0
                intentry                              4        4        B        8       0
                text10                              42A      42A       59      628       0
                text9                               4ED      4ED       24      628       0
                text8                               314      314       AF      628       0
                text7                               483      483       46      628       0
                text6                               3C3      3C3       67      628       0
                text5                               511      511       1A      628       0
                text4                               55F      55F        C      628       0
                text3                               543      543        F      628       0
                text2                               52B      52B       18      628       0
                text1                               552      552        D      628       0
                maintext                            4C9      4C9       24      628       0
                cstackBANK0                          20       20       16       20       1
                cstackCOMMON                         70       70        D       70       1
                clrtext                             56B      56B        8      628       0
                dataBANK0                            46       46        4       20       1
                bssBANK0                             36       36       10       20       1
                stringtext                          100      100      214        2       0
                idataBANK0                          573      573        4      628       0

TOTAL           Name                               Link     Load   Length     Space
        CLASS   STACK          

        CLASS   CODE           
                end_init                              F        F        1         0
                cinit                                10       10        F         0
                intentry                              4        4        B         0
                reset_vec                             0        0        1         0
                text10                              42A      42A       59         0
                text9                               4ED      4ED       24         0
                text8                               314      314       AF         0
                text7                               483      483       46         0
                text6                               3C3      3C3       67         0
                text5                               511      511       1A         0
                text4                               55F      55F        C         0
                text3                               543      543        F         0
                text2                               52B      52B       18         0
                text1                               552      552        D         0
                maintext                            4C9      4C9       24         0
                clrtext                             56B      56B        8         0
                idataBANK0                          573      573        4         0

        CLASS   STRCODE        
                stringtext                          100      100      214         0

        CLASS   STRING         

        CLASS   CONST          

        CLASS   ENTRY          

        CLASS   COMMON         
                cstackCOMMON                         70       70        D         1

        CLASS   BANK0          
                cstackBANK0                          20       20       16         1
                dataBANK0                            46       46        4         1
                bssBANK0                             36       36       10         1

        CLASS   BANK1          

        CLASS   RAM            

        CLASS   ABS1           
                abs_s1                               7E       7E        2         1

        CLASS   SFR0           

        CLASS   SFR1           

        CLASS   CONFIG         
                config                             2007     2007        1         0

        CLASS   IDLOC          

        CLASS   EEDATA         



SEGMENTS        Name                           Load    Length   Top    Selector   Space  Class     Delta

                reset_vec                      000000  000001  000001         0       0  CODE        2
                intentry                       000004  00001B  00001F         8       0  CODE        2
                cstackBANK0                    000020  00002A  00004A        20       1  BANK0       1
                cstackCOMMON                   000070  00000D  00007D        70       1  COMMON      1
                stringtext                     000100  000214  000314         2       0  STRCODE     2
                text8                          000314  000263  000577       628       0  CODE        2
                config                         002007  000001  002008      400E       0  CONFIG      2


UNUSED ADDRESS RANGES

        Name                Unused          Largest block    Delta
        BANK0            004A-006F             26           1
        BANK1            00A0-00BF             20           1
        CODE             0001-0003              3           2
                         001F-00FF             E1
                         0577-07FF            289
        COMMON           007D-007D              1           1
        CONST            0001-0003              3           2
                         001F-00FF             E1
                         0577-07FF            100
        EEDATA           2100-21FF            100           2
        ENTRY            0001-0003              3           2
                         001F-00FF             E1
                         0577-07FF            100
        IDLOC            2000-2003              4           2
        RAM              004A-006F             26           1
                         00A0-00BF             20
        SFR0             0000-001F             20           1
        SFR1             0080-009F             20           1
        STACK            004A-006F             26           1
        STRCODE          0001-0003              3           2
                         001F-00FF             E1
                         0577-07FF            289
        STRING           0001-0003              3           2
                         001F-00FF             E1
                         0577-07FF            100

                                  Symbol Table

?_ADC_Convert                 cstackBANK0  0030
?___awdiv                     cstackCOMMON 0070
?___wmul                      cstackCOMMON 0079
_ADCON0bits                   (abs)        001F
_ADCON1bits                   (abs)        009F
_ADC_Convert                  text4        055F
_ADC_Init                     text3        0543
_ADRESH                       (abs)        001E
_ANSEL                        (abs)        0091
_CCP1CONbits                  (abs)        0015
_CCPR1L                       (abs)        0013
_GO_nDONE                     (abs)        00F9
_INTCONbits                   (abs)        000B
_ISR                          text5        0511
_OPTION_REGbits               (abs)        0081
_PIE1bits                     (abs)        008C
_PIR1bits                     (abs)        000C
_PORTCbits                    (abs)        0007
_PR2                          (abs)        0092
_PWM_Init                     text2        052B
_T1CONbits                    (abs)        0010
_T2CONbits                    (abs)        0012
_TRISAbits                    (abs)        0085
_TRISCbits                    (abs)        0087
_Timer0_init                  text1        0552
__CFG_BOREN$OFF               (abs)        0000
__CFG_CP$OFF                  (abs)        0000
__CFG_CPD$OFF                 (abs)        0000
__CFG_FCMEN$OFF               (abs)        0000
__CFG_FOSC$HS                 (abs)        0000
__CFG_IESO$OFF                (abs)        0000
__CFG_MCLRE$OFF               (abs)        0000
__CFG_PWRTE$OFF               (abs)        0000
__CFG_WDTE$OFF                (abs)        0000
__Habs1                       abs1         0000
__Hbank0                      bank0        0000
__Hbank1                      bank1        0000
__HbssBANK0                   bssBANK0     0000
__Hcinit                      cinit        001F
__Hclrtext                    clrtext      0000
__Hcode                       code         0000
__Hcommon                     common       0000
__Hconfig                     config       2008
__HcstackBANK0                cstackBANK0  0000
__HcstackCOMMON               cstackCOMMON 0000
__HdataBANK0                  dataBANK0    0000
__Heeprom_data                eeprom_data  0000
__Hend_init                   end_init     0010
__Hfunctab                    functab      0000
__HidataBANK0                 idataBANK0   0000
__Hidloc                      idloc        0000
__Hinit                       init         000F
__Hintentry                   intentry     000F
__Hmaintext                   maintext     0000
__Hpowerup                    powerup      0000
__Hram                        ram          0000
__Hreset_vec                  reset_vec    0001
__Hsfr0                       sfr0         0000
__Hsfr1                       sfr1         0000
__Hspace_0                    (abs)        2008
__Hspace_1                    (abs)        007D
__Hspace_2                    (abs)        0000
__Hspace_3                    (abs)        0000
__Hstack                      stack        0000
__Hstrings                    strings      0000
__Hstringtext                 stringtext   0000
__Htext                       text         0000
__Labs1                       abs1         0000
__Lbank0                      bank0        0000
__Lbank1                      bank1        0000
__LbssBANK0                   bssBANK0     0000
__Lcinit                      cinit        0010
__Lclrtext                    clrtext      0000
__Lcode                       code         0000
__Lcommon                     common       0000
__Lconfig                     config       2007
__LcstackBANK0                cstackBANK0  0000
__LcstackCOMMON               cstackCOMMON 0000
__LdataBANK0                  dataBANK0    0000
__Leeprom_data                eeprom_data  0000
__Lend_init                   end_init     000F
__Lfunctab                    functab      0000
__LidataBANK0                 idataBANK0   0000
__Lidloc                      idloc        0000
__Linit                       init         000F
__Lintentry                   intentry     0004
__Lmaintext                   maintext     0000
__Lpowerup                    powerup      0000
__Lram                        ram          0000
__Lreset_vec                  reset_vec    0000
__Lsfr0                       sfr0         0000
__Lsfr1                       sfr1         0000
__Lspace_0                    (abs)        0000
__Lspace_1                    (abs)        0000
__Lspace_2                    (abs)        0000
__Lspace_3                    (abs)        0000
__Lstack                      stack        0000
__Lstrings                    strings      0000
__Lstringtext                 stringtext   0000
__Ltext                       text         0000
__S0                          (abs)        2008
__S1                          (abs)        007D
__S2                          (abs)        0000
__S3                          (abs)        0000
___awdiv                      text10       042A
___awdiv@counter              cstackCOMMON 0075
___awdiv@dividend             cstackCOMMON 0072
___awdiv@divisor              cstackCOMMON 0070
___awdiv@quotient             cstackCOMMON 0077
___awdiv@sign                 cstackCOMMON 0076
___int_sp                     stack        0000
___latbits                    (abs)        0000
___sp                         stack        0000
___wmul                       text9        04ED
___wmul@multiplicand          cstackCOMMON 007B
___wmul@multiplier            cstackCOMMON 0079
___wmul@product               cstackBANK0  0020
__end_of_ADC_Convert          text4        056B
__end_of_ADC_Init             text3        0552
__end_of_ISR                  text5        052B
__end_of_PWM_Init             text2        0543
__end_of_Timer0_init          text1        055F
__end_of___awdiv              text10       0483
__end_of___wmul               text9        0511
__end_of__initialization      cinit        001D
__end_of__stringtab           stringtext   0112
__end_of_main                 maintext     04ED
__end_of_set_sine_pwm_output  text8        03C3
__end_of_set_sq_pwm_output    text7        04C9
__end_of_set_tri_pwm_output   text6        042A
__end_of_sine_LUT             stringtext   0314
__initialization              cinit        0010
__pbssBANK0                   bssBANK0     0036
__pcstackBANK0                cstackBANK0  0020
__pcstackCOMMON               cstackCOMMON 0070
__pdataBANK0                  dataBANK0    0046
__pidataBANK0                 idataBANK0   0573
__pintentry                   intentry     0004
__pmaintext                   maintext     04C9
__pstringtext                 stringtext   0100
__ptext1                      text1        0552
__ptext10                     text10       042A
__ptext2                      text2        052B
__ptext3                      text3        0543
__ptext4                      text4        055F
__ptext5                      text5        0511
__ptext6                      text6        03C3
__ptext7                      text7        0483
__ptext8                      text8        0314
__ptext9                      text9        04ED
__size_of_ADC_Convert         (abs)        0000
__size_of_ADC_Init            (abs)        0000
__size_of_ISR                 (abs)        0000
__size_of_PWM_Init            (abs)        0000
__size_of_Timer0_init         (abs)        0000
__size_of___awdiv             (abs)        0000
__size_of___wmul              (abs)        0000
__size_of_main                (abs)        0000
__size_of_set_sine_pwm_output (abs)        0000
__size_of_set_sq_pwm_output   (abs)        0000
__size_of_set_tri_pwm_output  (abs)        0000
__stringbase                  stringtext   0112
__stringtab                   stringtext   0100
_adc_result                   bssBANK0     0036
_duty_cycle                   bssBANK0     003C
_interpolation_bits           bssBANK0     003E
_interpolation_rise           bssBANK0     0038
_main                         maintext     04C9
_phase_accum                  bssBANK0     0044
_set_sine_pwm_output          text8        0314
_set_sq_pwm_output            text7        0483
_set_tri_pwm_output           text6        03C3
_sine_LUT                     stringtext   0112
_speed                        dataBANK0    0048
_table_index                  bssBANK0     0040
_tri_direction                dataBANK0    0046
btemp                         (abs)        007E
clear_ram0                    clrtext      056B
end_of_initialization         cinit        001D
interrupt_function            intentry     0004
intlevel0                     functab      0000
intlevel1                     functab      0000
intlevel2                     functab      0000
intlevel3                     functab      0000
intlevel4                     functab      0000
intlevel5                     functab      0000
reset_vec                     reset_vec    0000
saved_w                       (abs)        007E
stackhi                       (abs)        0000
stacklo                       (abs)        0000
start                         init         000F
start_initialization          cinit        0010
wtemp0                        (abs)        007E


FUNCTION INFORMATION:

 *************** function _main *****************
 Defined at:
		line 201 in file "main.c"
 Parameters:    Size  Location     Type
		None
 Auto vars:     Size  Location     Type
		None
 Return value:  Size  Location     Type
                  1    wreg      void 
 Registers used:
		wreg, status,2, status,0, pclath, cstack
 Tracked objects:
		On entry : 
		On exit  : 
		Unchanged: 
 Data sizes:     COMMON   BANK0   BANK1
      Params:         0       0       0
      Locals:         0       0       0
      Temps:          0       2       0
      Totals:         0       2       0
Total ram usage:        2 bytes
 Hardware stack levels required when called:    4
 This function calls:
		_ADC_Convert
		_ADC_Init
		_PWM_Init
		_Timer0_init
 This function is called by:
		Startup code after reset
 This function uses a non-reentrant model


 *************** function _Timer0_init *****************
 Defined at:
		line 72 in file "main.c"
 Parameters:    Size  Location     Type
		None
 Auto vars:     Size  Location     Type
		None
 Return value:  Size  Location     Type
                  1    wreg      void 
 Registers used:
		wreg, status,2, status,0
 Tracked objects:
		On entry : 
		On exit  : 
		Unchanged: 
 Data sizes:     COMMON   BANK0   BANK1
      Params:         0       0       0
      Locals:         0       0       0
      Temps:          0       0       0
      Totals:         0       0       0
Total ram usage:        0 bytes
 Hardware stack levels used:    1
 Hardware stack levels required when called:    3
 This function calls:
		Nothing
 This function is called by:
		_main
 This function uses a non-reentrant model


 *************** function _PWM_Init *****************
 Defined at:
		line 112 in file "main.c"
 Parameters:    Size  Location     Type
		None
 Auto vars:     Size  Location     Type
		None
 Return value:  Size  Location     Type
                  1    wreg      void 
 Registers used:
		wreg, status,2, status,0
 Tracked objects:
		On entry : 
		On exit  : 
		Unchanged: 
 Data sizes:     COMMON   BANK0   BANK1
      Params:         0       0       0
      Locals:         0       0       0
      Temps:          0       0       0
      Totals:         0       0       0
Total ram usage:        0 bytes
 Hardware stack levels used:    1
 Hardware stack levels required when called:    3
 This function calls:
		Nothing
 This function is called by:
		_main
 This function uses a non-reentrant model


 *************** function _ADC_Init *****************
 Defined at:
		line 101 in file "main.c"
 Parameters:    Size  Location     Type
		None
 Auto vars:     Size  Location     Type
		None
 Return value:  Size  Location     Type
                  1    wreg      void 
 Registers used:
		wreg, status,2, status,0
 Tracked objects:
		On entry : 
		On exit  : 
		Unchanged: 
 Data sizes:     COMMON   BANK0   BANK1
      Params:         0       0       0
      Locals:         0       0       0
      Temps:          0       0       0
      Totals:         0       0       0
Total ram usage:        0 bytes
 Hardware stack levels used:    1
 Hardware stack levels required when called:    3
 This function calls:
		Nothing
 This function is called by:
		_main
 This function uses a non-reentrant model


 *************** function _ADC_Convert *****************
 Defined at:
		line 135 in file "main.c"
 Parameters:    Size  Location     Type
		None
 Auto vars:     Size  Location     Type
		None
 Return value:  Size  Location     Type
                  2   16[BANK0 ] int 
 Registers used:
		wreg
 Tracked objects:
		On entry : 
		On exit  : 
		Unchanged: 
 Data sizes:     COMMON   BANK0   BANK1
      Params:         0       2       0
      Locals:         0       0       0
      Temps:          0       2       0
      Totals:         0       4       0
Total ram usage:        4 bytes
 Hardware stack levels used:    1
 Hardware stack levels required when called:    3
 This function calls:
		Nothing
 This function is called by:
		_main
 This function uses a non-reentrant model


 *************** function _ISR *****************
 Defined at:
		line 223 in file "main.c"
 Parameters:    Size  Location     Type
		None
 Auto vars:     Size  Location     Type
		None
 Return value:  Size  Location     Type
                  1    wreg      void 
 Registers used:
		wreg, fsr0l, fsr0h, status,2, status,0, btemp+1, pclath, cstack
 Tracked objects:
		On entry : 
		On exit  : 
		Unchanged: 
 Data sizes:     COMMON   BANK0   BANK1
      Params:         0       0       0
      Locals:         0       0       0
      Temps:          0       4       0
      Totals:         0       4       0
Total ram usage:        4 bytes
 Hardware stack levels used:    1
 Hardware stack levels required when called:    2
 This function calls:
		_set_sine_pwm_output
		_set_sq_pwm_output
		_set_tri_pwm_output
 This function is called by:
		Interrupt level 1
 This function uses a non-reentrant model


 *************** function _set_tri_pwm_output *****************
 Defined at:
		line 164 in file "main.c"
 Parameters:    Size  Location     Type
		None
 Auto vars:     Size  Location     Type
		None
 Return value:  Size  Location     Type
                  1    wreg      void 
 Registers used:
		wreg, status,2, status,0, btemp+1, pclath, cstack
 Tracked objects:
		On entry : 
		On exit  : 
		Unchanged: 
 Data sizes:     COMMON   BANK0   BANK1
      Params:         0       0       0
      Locals:         0       0       0
      Temps:          0       2       0
      Totals:         0       2       0
Total ram usage:        2 bytes
 Hardware stack levels used:    1
 Hardware stack levels required when called:    1
 This function calls:
		___wmul
 This function is called by:
		_ISR
 This function uses a non-reentrant model


 *************** function _set_sq_pwm_output *****************
 Defined at:
		line 182 in file "main.c"
 Parameters:    Size  Location     Type
		None
 Auto vars:     Size  Location     Type
		None
 Return value:  Size  Location     Type
                  1    wreg      void 
 Registers used:
		wreg, status,2, status,0, btemp+1
 Tracked objects:
		On entry : 
		On exit  : 
		Unchanged: 
 Data sizes:     COMMON   BANK0   BANK1
      Params:         0       0       0
      Locals:         0       0       0
      Temps:          2       0       0
      Totals:         2       0       0
Total ram usage:        2 bytes
 Hardware stack levels used:    1
 This function calls:
		Nothing
 This function is called by:
		_ISR
 This function uses a non-reentrant model


 *************** function _set_sine_pwm_output *****************
 Defined at:
		line 141 in file "main.c"
 Parameters:    Size  Location     Type
		None
 Auto vars:     Size  Location     Type
		None
 Return value:  Size  Location     Type
                  1    wreg      void 
 Registers used:
		wreg, fsr0l, fsr0h, status,2, status,0, btemp+1, pclath, cstack
 Tracked objects:
		On entry : 
		On exit  : 
		Unchanged: 
 Data sizes:     COMMON   BANK0   BANK1
      Params:         0       0       0
      Locals:         0       0       0
      Temps:          0      10       0
      Totals:         0      10       0
Total ram usage:       10 bytes
 Hardware stack levels used:    1
 Hardware stack levels required when called:    1
 This function calls:
		___awdiv
		___wmul
 This function is called by:
		_ISR
 This function uses a non-reentrant model


 *************** function ___wmul *****************
 Defined at:
		line 15 in file "/opt/microchip/xc8/v1.44/sources/common/Umul16.c"
 Parameters:    Size  Location     Type
  multiplier      2    9[COMMON] unsigned int 
  multiplicand    2   11[COMMON] unsigned int 
 Auto vars:     Size  Location     Type
  product         2    0[BANK0 ] unsigned int 
 Return value:  Size  Location     Type
                  2    9[COMMON] unsigned int 
 Registers used:
		wreg, status,2, status,0
 Tracked objects:
		On entry : 
		On exit  : 
		Unchanged: 
 Data sizes:     COMMON   BANK0   BANK1
      Params:         4       0       0
      Locals:         0       2       0
      Temps:          0       0       0
      Totals:         4       2       0
Total ram usage:        6 bytes
 Hardware stack levels used:    1
 This function calls:
		Nothing
 This function is called by:
		_set_sine_pwm_output
		_set_tri_pwm_output
 This function uses a non-reentrant model


 *************** function ___awdiv *****************
 Defined at:
		line 6 in file "/opt/microchip/xc8/v1.44/sources/common/awdiv.c"
 Parameters:    Size  Location     Type
  divisor         2    0[COMMON] int 
  dividend        2    2[COMMON] int 
 Auto vars:     Size  Location     Type
  quotient        2    7[COMMON] int 
  sign            1    6[COMMON] unsigned char 
  counter         1    5[COMMON] unsigned char 
 Return value:  Size  Location     Type
                  2    0[COMMON] int 
 Registers used:
		wreg, status,2, status,0
 Tracked objects:
		On entry : 
		On exit  : 
		Unchanged: 
 Data sizes:     COMMON   BANK0   BANK1
      Params:         4       0       0
      Locals:         4       0       0
      Temps:          1       0       0
      Totals:         9       0       0
Total ram usage:        9 bytes
 Hardware stack levels used:    1
 This function calls:
		Nothing
 This function is called by:
		_set_sine_pwm_output
 This function uses a non-reentrant model



MODULE INFORMATION

Module		Function		Class		Link	Load	Size
/opt/microchip/xc8/v1.44/sources/common/Umul16.c
		___wmul        		CODE           	04ED	0000	37

/opt/microchip/xc8/v1.44/sources/common/Umul16.c estimated size: 37

shared
		__stringtab    		STRCODE        	0100	0000	19
		__initialization		CODE           	0010	0000	14
		_sine_LUT      		STRCODE        	0112	0000	515

shared estimated size: 548

/opt/microchip/xc8/v1.44/sources/common/awdiv.c
		___awdiv       		CODE           	042A	0000	90

/opt/microchip/xc8/v1.44/sources/common/awdiv.c estimated size: 90

main.c
		_Timer0_init   		CODE           	0552	0000	14
		_set_sq_pwm_output		CODE           	0483	0000	71
		_set_sine_pwm_output		CODE           	0314	0000	176
		_ISR           		CODE           	0511	0000	27
		_main          		CODE           	04C9	0000	37
		_ADC_Convert   		CODE           	055F	0000	13
		_PWM_Init      		CODE           	052B	0000	25
		_ADC_Init      		CODE           	0543	0000	16
		_set_tri_pwm_output		CODE           	03C3	0000	104

main.c estimated size: 483

